============================= test session starts =============================
platform win32 -- Python 3.14.2, pytest-9.0.2, pluggy-1.6.0 -- C:\Users\dhruv\AppData\Local\Programs\Python\Python314\python.exe
cachedir: .pytest_cache
rootdir: C:\Users\dhruv\OneDrive\Documents\Loan_Approval_System
plugins: anyio-4.12.0, cov-7.1.0
collecting ... collected 5 items

tests/test_api.py::test_predict_endpoint FAILED                          [ 20%]
tests/test_api.py::test_get_predictions_endpoint FAILED                  [ 40%]
tests/test_ml.py::test_generate_explainability_high_risk PASSED          [ 60%]
tests/test_ml.py::test_generate_explainability_low_risk PASSED           [ 80%]
tests/test_ml.py::test_engineer_features PASSED                          [100%]

================================== FAILURES ===================================
____________________________ test_predict_endpoint ____________________________

self = <sqlalchemy.engine.base.Connection object at 0x000002344A077BB0>
dialect = <sqlalchemy.dialects.sqlite.pysqlite.SQLiteDialect_pysqlite object at 0x00000234732EB610>
constructor = <bound method DefaultExecutionContext._init_compiled of <class 'sqlalchemy.dialects.sqlite.base.SQLiteExecutionContext'>>
statement = <sqlalchemy.dialects.sqlite.base.SQLiteCompiler object at 0x000002344A0BBB10>
parameters = [{'automated_decision': 'Favorable', 'bank_asset_value': 100000.0, 'cibil_score': 750.0, 'commercial_assets_value': 500000.0, ...}]
execution_options = immutabledict({'compiled_cache': <sqlalchemy.util._collections.LRUCache object at 0x000002344A14C770>})
args = (<sqlalchemy.dialects.sqlite.base.SQLiteCompiler object at 0x000002344A0BBB10>, [{'automated_decision': 'Favorable', '...core': 750.0, 'commercial_assets_value': 500000.0, ...}], <sqlalchemy.sql.dml.Insert object at 0x000002344A126120>, [])
kw = {'cache_hit': <CacheStats.CACHE_MISS: 1>}, yp = None
conn = <sqlalchemy.pool.base._ConnectionFairy object at 0x0000023449FF2F10>

    def _execute_context(
        self,
        dialect: Dialect,
        constructor: Callable[..., ExecutionContext],
        statement: Union[str, Compiled],
        parameters: Optional[_AnyMultiExecuteParams],
        execution_options: _ExecuteOptions,
        *args: Any,
        **kw: Any,
    ) -> CursorResult[Any]:
        """Create an :class:`.ExecutionContext` and execute, returning
        a :class:`_engine.CursorResult`."""
    
        if execution_options:
            yp = execution_options.get("yield_per", None)
            if yp:
                execution_options = execution_options.union(
                    {"stream_results": True, "max_row_buffer": yp}
                )
        try:
            conn = self._dbapi_connection
            if conn is None:
                conn = self._revalidate_connection()
    
>           context = constructor(
                dialect, self, conn, execution_options, *args, **kw
            )

..\..\..\AppData\Local\Programs\Python\Python314\Lib\site-packages\sqlalchemy\engine\base.py:1815: 
_ _ _ _ _ _ _ _ _ _ _ _ _ _ _ _ _ _ _ _ _ _ _ _ _ _ _ _ _ _ _ _ _ _ _ _ _ _ _ _
..\..\..\AppData\Local\Programs\Python\Python314\Lib\site-packages\sqlalchemy\engine\default.py:1496: in _init_compiled
    flattened_processors[key](compiled_params[key])
..\..\..\AppData\Local\Programs\Python\Python314\Lib\site-packages\sqlalchemy\sql\sqltypes.py:2801: in process
    return json_serializer(value)
           ^^^^^^^^^^^^^^^^^^^^^^
..\..\..\AppData\Local\Programs\Python\Python314\Lib\json\__init__.py:235: in dumps
    return _default_encoder.encode(obj)
           ^^^^^^^^^^^^^^^^^^^^^^^^^^^^
..\..\..\AppData\Local\Programs\Python\Python314\Lib\json\encoder.py:202: in encode
    chunks = self.iterencode(o, _one_shot=True)
             ^^^^^^^^^^^^^^^^^^^^^^^^^^^^^^^^^^
..\..\..\AppData\Local\Programs\Python\Python314\Lib\json\encoder.py:263: in iterencode
    return _iterencode(o, 0)
           ^^^^^^^^^^^^^^^^^
_ _ _ _ _ _ _ _ _ _ _ _ _ _ _ _ _ _ _ _ _ _ _ _ _ _ _ _ _ _ _ _ _ _ _ _ _ _ _ _

self = <json.encoder.JSONEncoder object at 0x000002346D8A70E0>
o = np.float32(0.005606893)

    def default(self, o):
        """Implement this method in a subclass such that it returns
        a serializable object for ``o``, or calls the base implementation
        (to raise a ``TypeError``).
    
        For example, to support arbitrary iterators, you could
        implement default like this::
    
            def default(self, o):
                try:
                    iterable = iter(o)
                except TypeError:
                    pass
                else:
                    return list(iterable)
                # Let the base class default method raise the TypeError
                return super().default(o)
    
        """
>       raise TypeError(f'Object of type {o.__class__.__name__} '
                        f'is not JSON serializable')
E       TypeError: Object of type float32 is not JSON serializable
E       when serializing dict item 'risk_probability'

..\..\..\AppData\Local\Programs\Python\Python314\Lib\json\encoder.py:182: TypeError

The above exception was the direct cause of the following exception:

client = <starlette.testclient.TestClient object at 0x000002344A0B1BE0>

    def test_predict_endpoint(client):
        payload = {
            "no_of_dependents": 2,
            "education": "Graduate",
            "self_employed": "No",
            "income_annum": 500000,
            "loan_amount": 2000000,
            "loan_term": 120,
            "cibil_score": 750,
            "residential_assets_value": 1500000,
            "commercial_assets_value": 500000,
            "luxury_assets_value": 0,
            "bank_asset_value": 100000
        }
    
>       response = client.post("/predict", json=payload)
                   ^^^^^^^^^^^^^^^^^^^^^^^^^^^^^^^^^^^^^

tests\test_api.py:16: 
_ _ _ _ _ _ _ _ _ _ _ _ _ _ _ _ _ _ _ _ _ _ _ _ _ _ _ _ _ _ _ _ _ _ _ _ _ _ _ _
..\..\..\AppData\Local\Programs\Python\Python314\Lib\site-packages\starlette\testclient.py:546: in post
    return super().post(
..\..\..\AppData\Local\Programs\Python\Python314\Lib\site-packages\httpx\_client.py:1144: in post
    return self.request(
..\..\..\AppData\Local\Programs\Python\Python314\Lib\site-packages\starlette\testclient.py:445: in request
    return super().request(
..\..\..\AppData\Local\Programs\Python\Python314\Lib\site-packages\httpx\_client.py:825: in request
    return self.send(request, auth=auth, follow_redirects=follow_redirects)
           ^^^^^^^^^^^^^^^^^^^^^^^^^^^^^^^^^^^^^^^^^^^^^^^^^^^^^^^^^^^^^^^^
..\..\..\AppData\Local\Programs\Python\Python314\Lib\site-packages\httpx\_client.py:914: in send
    response = self._send_handling_auth(
..\..\..\AppData\Local\Programs\Python\Python314\Lib\site-packages\httpx\_client.py:942: in _send_handling_auth
    response = self._send_handling_redirects(
..\..\..\AppData\Local\Programs\Python\Python314\Lib\site-packages\httpx\_client.py:979: in _send_handling_redirects
    response = self._send_single_request(request)
               ^^^^^^^^^^^^^^^^^^^^^^^^^^^^^^^^^^
..\..\..\AppData\Local\Programs\Python\Python314\Lib\site-packages\httpx\_client.py:1014: in _send_single_request
    response = transport.handle_request(request)
               ^^^^^^^^^^^^^^^^^^^^^^^^^^^^^^^^^
..\..\..\AppData\Local\Programs\Python\Python314\Lib\site-packages\starlette\testclient.py:348: in handle_request
    raise exc
..\..\..\AppData\Local\Programs\Python\Python314\Lib\site-packages\starlette\testclient.py:345: in handle_request
    portal.call(self.app, scope, receive, send)
..\..\..\AppData\Local\Programs\Python\Python314\Lib\site-packages\anyio\from_thread.py:326: in call
    return cast(T_Retval, self.start_task_soon(func, *args).result())
                          ^^^^^^^^^^^^^^^^^^^^^^^^^^^^^^^^^^^^^^^^^^
..\..\..\AppData\Local\Programs\Python\Python314\Lib\concurrent\futures\_base.py:450: in result
    return self.__get_result()
           ^^^^^^^^^^^^^^^^^^^
..\..\..\AppData\Local\Programs\Python\Python314\Lib\concurrent\futures\_base.py:395: in __get_result
    raise self._exception
..\..\..\AppData\Local\Programs\Python\Python314\Lib\site-packages\anyio\from_thread.py:257: in _call_func
    retval = await retval_or_awaitable
             ^^^^^^^^^^^^^^^^^^^^^^^^^
..\..\..\AppData\Local\Programs\Python\Python314\Lib\site-packages\fastapi\applications.py:1138: in __call__
    await super().__call__(scope, receive, send)
..\..\..\AppData\Local\Programs\Python\Python314\Lib\site-packages\starlette\applications.py:107: in __call__
    await self.middleware_stack(scope, receive, send)
..\..\..\AppData\Local\Programs\Python\Python314\Lib\site-packages\starlette\middleware\errors.py:186: in __call__
    raise exc
..\..\..\AppData\Local\Programs\Python\Python314\Lib\site-packages\starlette\middleware\errors.py:164: in __call__
    await self.app(scope, receive, _send)
..\..\..\AppData\Local\Programs\Python\Python314\Lib\site-packages\starlette\middleware\exceptions.py:63: in __call__
    await wrap_app_handling_exceptions(self.app, conn)(scope, receive, send)
..\..\..\AppData\Local\Programs\Python\Python314\Lib\site-packages\starlette\_exception_handler.py:53: in wrapped_app
    raise exc
..\..\..\AppData\Local\Programs\Python\Python314\Lib\site-packages\starlette\_exception_handler.py:42: in wrapped_app
    await app(scope, receive, sender)
..\..\..\AppData\Local\Programs\Python\Python314\Lib\site-packages\fastapi\middleware\asyncexitstack.py:18: in __call__
    await self.app(scope, receive, send)
..\..\..\AppData\Local\Programs\Python\Python314\Lib\site-packages\starlette\routing.py:716: in __call__
    await self.middleware_stack(scope, receive, send)
..\..\..\AppData\Local\Programs\Python\Python314\Lib\site-packages\starlette\routing.py:736: in app
    await route.handle(scope, receive, send)
..\..\..\AppData\Local\Programs\Python\Python314\Lib\site-packages\starlette\routing.py:290: in handle
    await self.app(scope, receive, send)
..\..\..\AppData\Local\Programs\Python\Python314\Lib\site-packages\fastapi\routing.py:115: in app
    await wrap_app_handling_exceptions(app, request)(scope, receive, send)
..\..\..\AppData\Local\Programs\Python\Python314\Lib\site-packages\starlette\_exception_handler.py:53: in wrapped_app
    raise exc
..\..\..\AppData\Local\Programs\Python\Python314\Lib\site-packages\starlette\_exception_handler.py:42: in wrapped_app
    await app(scope, receive, sender)
..\..\..\AppData\Local\Programs\Python\Python314\Lib\site-packages\fastapi\routing.py:101: in app
    response = await f(request)
               ^^^^^^^^^^^^^^^^
..\..\..\AppData\Local\Programs\Python\Python314\Lib\site-packages\fastapi\routing.py:355: in app
    raw_response = await run_endpoint_function(
..\..\..\AppData\Local\Programs\Python\Python314\Lib\site-packages\fastapi\routing.py:245: in run_endpoint_function
    return await run_in_threadpool(dependant.call, **values)
           ^^^^^^^^^^^^^^^^^^^^^^^^^^^^^^^^^^^^^^^^^^^^^^^^^
..\..\..\AppData\Local\Programs\Python\Python314\Lib\site-packages\starlette\concurrency.py:32: in run_in_threadpool
    return await anyio.to_thread.run_sync(func)
           ^^^^^^^^^^^^^^^^^^^^^^^^^^^^^^^^^^^^
..\..\..\AppData\Local\Programs\Python\Python314\Lib\site-packages\anyio\to_thread.py:61: in run_sync
    return await get_async_backend().run_sync_in_worker_thread(
..\..\..\AppData\Local\Programs\Python\Python314\Lib\site-packages\anyio\_backends\_asyncio.py:2525: in run_sync_in_worker_thread
    return await future
           ^^^^^^^^^^^^
..\..\..\AppData\Local\Programs\Python\Python314\Lib\site-packages\anyio\_backends\_asyncio.py:986: in run
    result = context.run(func, *args)
             ^^^^^^^^^^^^^^^^^^^^^^^^
api\main.py:56: in predict_credit_risk
    db.commit()
..\..\..\AppData\Local\Programs\Python\Python314\Lib\site-packages\sqlalchemy\orm\session.py:2030: in commit
    trans.commit(_to_root=True)
<string>:2: in commit
    ???
..\..\..\AppData\Local\Programs\Python\Python314\Lib\site-packages\sqlalchemy\orm\state_changes.py:137: in _go
    ret_value = fn(self, *arg, **kw)
                ^^^^^^^^^^^^^^^^^^^^
..\..\..\AppData\Local\Programs\Python\Python314\Lib\site-packages\sqlalchemy\orm\session.py:1311: in commit
    self._prepare_impl()
<string>:2: in _prepare_impl
    ???
..\..\..\AppData\Local\Programs\Python\Python314\Lib\site-packages\sqlalchemy\orm\state_changes.py:137: in _go
    ret_value = fn(self, *arg, **kw)
                ^^^^^^^^^^^^^^^^^^^^
..\..\..\AppData\Local\Programs\Python\Python314\Lib\site-packages\sqlalchemy\orm\session.py:1286: in _prepare_impl
    self.session.flush()
..\..\..\AppData\Local\Programs\Python\Python314\Lib\site-packages\sqlalchemy\orm\session.py:4331: in flush
    self._flush(objects)
..\..\..\AppData\Local\Programs\Python\Python314\Lib\site-packages\sqlalchemy\orm\session.py:4466: in _flush
    with util.safe_reraise():
         ^^^^^^^^^^^^^^^^^^^
..\..\..\AppData\Local\Programs\Python\Python314\Lib\site-packages\sqlalchemy\util\langhelpers.py:121: in __exit__
    raise exc_value.with_traceback(exc_tb)
..\..\..\AppData\Local\Programs\Python\Python314\Lib\site-packages\sqlalchemy\orm\session.py:4427: in _flush
    flush_context.execute()
..\..\..\AppData\Local\Programs\Python\Python314\Lib\site-packages\sqlalchemy\orm\unitofwork.py:466: in execute
    rec.execute(self)
..\..\..\AppData\Local\Programs\Python\Python314\Lib\site-packages\sqlalchemy\orm\unitofwork.py:642: in execute
    util.preloaded.orm_persistence.save_obj(
..\..\..\AppData\Local\Programs\Python\Python314\Lib\site-packages\sqlalchemy\orm\persistence.py:93: in save_obj
    _emit_insert_statements(
..\..\..\AppData\Local\Programs\Python\Python314\Lib\site-packages\sqlalchemy\orm\persistence.py:1233: in _emit_insert_statements
    result = connection.execute(
..\..\..\AppData\Local\Programs\Python\Python314\Lib\site-packages\sqlalchemy\engine\base.py:1419: in execute
    return meth(
..\..\..\AppData\Local\Programs\Python\Python314\Lib\site-packages\sqlalchemy\sql\elements.py:527: in _execute_on_connection
    return connection._execute_clauseelement(
..\..\..\AppData\Local\Programs\Python\Python314\Lib\site-packages\sqlalchemy\engine\base.py:1641: in _execute_clauseelement
    ret = self._execute_context(
..\..\..\AppData\Local\Programs\Python\Python314\Lib\site-packages\sqlalchemy\engine\base.py:1821: in _execute_context
    self._handle_dbapi_exception(
..\..\..\AppData\Local\Programs\Python\Python314\Lib\site-packages\sqlalchemy\engine\base.py:2363: in _handle_dbapi_exception
    raise sqlalchemy_exception.with_traceback(exc_info[2]) from e
..\..\..\AppData\Local\Programs\Python\Python314\Lib\site-packages\sqlalchemy\engine\base.py:1815: in _execute_context
    context = constructor(
..\..\..\AppData\Local\Programs\Python\Python314\Lib\site-packages\sqlalchemy\engine\default.py:1496: in _init_compiled
    flattened_processors[key](compiled_params[key])
..\..\..\AppData\Local\Programs\Python\Python314\Lib\site-packages\sqlalchemy\sql\sqltypes.py:2801: in process
    return json_serializer(value)
           ^^^^^^^^^^^^^^^^^^^^^^
..\..\..\AppData\Local\Programs\Python\Python314\Lib\json\__init__.py:235: in dumps
    return _default_encoder.encode(obj)
           ^^^^^^^^^^^^^^^^^^^^^^^^^^^^
..\..\..\AppData\Local\Programs\Python\Python314\Lib\json\encoder.py:202: in encode
    chunks = self.iterencode(o, _one_shot=True)
             ^^^^^^^^^^^^^^^^^^^^^^^^^^^^^^^^^^
..\..\..\AppData\Local\Programs\Python\Python314\Lib\json\encoder.py:263: in iterencode
    return _iterencode(o, 0)
           ^^^^^^^^^^^^^^^^^
_ _ _ _ _ _ _ _ _ _ _ _ _ _ _ _ _ _ _ _ _ _ _ _ _ _ _ _ _ _ _ _ _ _ _ _ _ _ _ _

self = <json.encoder.JSONEncoder object at 0x000002346D8A70E0>
o = np.float32(0.005606893)

    def default(self, o):
        """Implement this method in a subclass such that it returns
        a serializable object for ``o``, or calls the base implementation
        (to raise a ``TypeError``).
    
        For example, to support arbitrary iterators, you could
        implement default like this::
    
            def default(self, o):
                try:
                    iterable = iter(o)
                except TypeError:
                    pass
                else:
                    return list(iterable)
                # Let the base class default method raise the TypeError
                return super().default(o)
    
        """
>       raise TypeError(f'Object of type {o.__class__.__name__} '
                        f'is not JSON serializable')
E       sqlalchemy.exc.StatementError: (builtins.TypeError) Object of type float32 is not JSON serializable
E       [SQL: INSERT INTO applicant_records (created_at, no_of_dependents, education, self_employed, income_annum, loan_amount, loan_term, cibil_score, residential_assets_value, commercial_assets_value, luxury_assets_value, bank_asset_value, debt_to_income, loan_to_assets, total_asset_coverage, risk_probability, automated_decision, explainability_json) VALUES (?, ?, ?, ?, ?, ?, ?, ?, ?, ?, ?, ?, ?, ?, ?, ?, ?, ?)]
E       [parameters: [{'self_employed': 'No', 'luxury_assets_value': 0.0, 'loan_amount': 2000000.0, 'bank_asset_value': 100000.0, 'commercial_assets_value': 500000.0, 'loan ... (460 characters truncated) ... ates heavy financial burden.'], 'positive_indicators': [], 'automated_decision_recommendation': 'Favorable'}, 'loan_term': 120, 'no_of_dependents': 2}]]

..\..\..\AppData\Local\Programs\Python\Python314\Lib\json\encoder.py:182: StatementError
________________________ test_get_predictions_endpoint ________________________

client = <starlette.testclient.TestClient object at 0x000002344A0B1BE0>

    def test_get_predictions_endpoint(client):
>       response = client.get("/predictions")
                   ^^^^^^^^^^^^^^^^^^^^^^^^^^

tests\test_api.py:25: 
_ _ _ _ _ _ _ _ _ _ _ _ _ _ _ _ _ _ _ _ _ _ _ _ _ _ _ _ _ _ _ _ _ _ _ _ _ _ _ _
..\..\..\AppData\Local\Programs\Python\Python314\Lib\site-packages\starlette\testclient.py:473: in get
    return super().get(
..\..\..\AppData\Local\Programs\Python\Python314\Lib\site-packages\httpx\_client.py:1053: in get
    return self.request(
..\..\..\AppData\Local\Programs\Python\Python314\Lib\site-packages\starlette\testclient.py:445: in request
    return super().request(
..\..\..\AppData\Local\Programs\Python\Python314\Lib\site-packages\httpx\_client.py:825: in request
    return self.send(request, auth=auth, follow_redirects=follow_redirects)
           ^^^^^^^^^^^^^^^^^^^^^^^^^^^^^^^^^^^^^^^^^^^^^^^^^^^^^^^^^^^^^^^^
..\..\..\AppData\Local\Programs\Python\Python314\Lib\site-packages\httpx\_client.py:914: in send
    response = self._send_handling_auth(
..\..\..\AppData\Local\Programs\Python\Python314\Lib\site-packages\httpx\_client.py:942: in _send_handling_auth
    response = self._send_handling_redirects(
..\..\..\AppData\Local\Programs\Python\Python314\Lib\site-packages\httpx\_client.py:979: in _send_handling_redirects
    response = self._send_single_request(request)
               ^^^^^^^^^^^^^^^^^^^^^^^^^^^^^^^^^^
..\..\..\AppData\Local\Programs\Python\Python314\Lib\site-packages\httpx\_client.py:1014: in _send_single_request
    response = transport.handle_request(request)
               ^^^^^^^^^^^^^^^^^^^^^^^^^^^^^^^^^
..\..\..\AppData\Local\Programs\Python\Python314\Lib\site-packages\starlette\testclient.py:348: in handle_request
    raise exc
..\..\..\AppData\Local\Programs\Python\Python314\Lib\site-packages\starlette\testclient.py:345: in handle_request
    portal.call(self.app, scope, receive, send)
..\..\..\AppData\Local\Programs\Python\Python314\Lib\site-packages\anyio\from_thread.py:326: in call
    return cast(T_Retval, self.start_task_soon(func, *args).result())
                          ^^^^^^^^^^^^^^^^^^^^^^^^^^^^^^^^^^^^^^^^^^
..\..\..\AppData\Local\Programs\Python\Python314\Lib\concurrent\futures\_base.py:450: in result
    return self.__get_result()
           ^^^^^^^^^^^^^^^^^^^
..\..\..\AppData\Local\Programs\Python\Python314\Lib\concurrent\futures\_base.py:395: in __get_result
    raise self._exception
..\..\..\AppData\Local\Programs\Python\Python314\Lib\site-packages\anyio\from_thread.py:257: in _call_func
    retval = await retval_or_awaitable
             ^^^^^^^^^^^^^^^^^^^^^^^^^
..\..\..\AppData\Local\Programs\Python\Python314\Lib\site-packages\fastapi\applications.py:1138: in __call__
    await super().__call__(scope, receive, send)
..\..\..\AppData\Local\Programs\Python\Python314\Lib\site-packages\starlette\applications.py:107: in __call__
    await self.middleware_stack(scope, receive, send)
..\..\..\AppData\Local\Programs\Python\Python314\Lib\site-packages\starlette\middleware\errors.py:186: in __call__
    raise exc
..\..\..\AppData\Local\Programs\Python\Python314\Lib\site-packages\starlette\middleware\errors.py:164: in __call__
    await self.app(scope, receive, _send)
..\..\..\AppData\Local\Programs\Python\Python314\Lib\site-packages\starlette\middleware\exceptions.py:63: in __call__
    await wrap_app_handling_exceptions(self.app, conn)(scope, receive, send)
..\..\..\AppData\Local\Programs\Python\Python314\Lib\site-packages\starlette\_exception_handler.py:53: in wrapped_app
    raise exc
..\..\..\AppData\Local\Programs\Python\Python314\Lib\site-packages\starlette\_exception_handler.py:42: in wrapped_app
    await app(scope, receive, sender)
..\..\..\AppData\Local\Programs\Python\Python314\Lib\site-packages\fastapi\middleware\asyncexitstack.py:18: in __call__
    await self.app(scope, receive, send)
..\..\..\AppData\Local\Programs\Python\Python314\Lib\site-packages\starlette\routing.py:716: in __call__
    await self.middleware_stack(scope, receive, send)
..\..\..\AppData\Local\Programs\Python\Python314\Lib\site-packages\starlette\routing.py:736: in app
    await route.handle(scope, receive, send)
..\..\..\AppData\Local\Programs\Python\Python314\Lib\site-packages\starlette\routing.py:290: in handle
    await self.app(scope, receive, send)
..\..\..\AppData\Local\Programs\Python\Python314\Lib\site-packages\fastapi\routing.py:115: in app
    await wrap_app_handling_exceptions(app, request)(scope, receive, send)
..\..\..\AppData\Local\Programs\Python\Python314\Lib\site-packages\starlette\_exception_handler.py:53: in wrapped_app
    raise exc
..\..\..\AppData\Local\Programs\Python\Python314\Lib\site-packages\starlette\_exception_handler.py:42: in wrapped_app
    await app(scope, receive, sender)
..\..\..\AppData\Local\Programs\Python\Python314\Lib\site-packages\fastapi\routing.py:101: in app
    response = await f(request)
               ^^^^^^^^^^^^^^^^
..\..\..\AppData\Local\Programs\Python\Python314\Lib\site-packages\fastapi\routing.py:355: in app
    raw_response = await run_endpoint_function(
..\..\..\AppData\Local\Programs\Python\Python314\Lib\site-packages\fastapi\routing.py:245: in run_endpoint_function
    return await run_in_threadpool(dependant.call, **values)
           ^^^^^^^^^^^^^^^^^^^^^^^^^^^^^^^^^^^^^^^^^^^^^^^^^
..\..\..\AppData\Local\Programs\Python\Python314\Lib\site-packages\starlette\concurrency.py:32: in run_in_threadpool
    return await anyio.to_thread.run_sync(func)
           ^^^^^^^^^^^^^^^^^^^^^^^^^^^^^^^^^^^^
..\..\..\AppData\Local\Programs\Python\Python314\Lib\site-packages\anyio\to_thread.py:61: in run_sync
    return await get_async_backend().run_sync_in_worker_thread(
..\..\..\AppData\Local\Programs\Python\Python314\Lib\site-packages\anyio\_backends\_asyncio.py:2525: in run_sync_in_worker_thread
    return await future
           ^^^^^^^^^^^^
..\..\..\AppData\Local\Programs\Python\Python314\Lib\site-packages\anyio\_backends\_asyncio.py:986: in run
    result = context.run(func, *args)
             ^^^^^^^^^^^^^^^^^^^^^^^^
api\main.py:63: in get_predictions
    records = db.query(models.ApplicantRecord).offset(skip).limit(limit).all()
              ^^^^^^^^^^^^^^^^^^^^^^^^^^^^^^^^^^^^^^^^^^^^^^^^^^^^^^^^^^^^^^^^
..\..\..\AppData\Local\Programs\Python\Python314\Lib\site-packages\sqlalchemy\orm\query.py:2704: in all
    return self._iter().all()  # type: ignore
           ^^^^^^^^^^^^
..\..\..\AppData\Local\Programs\Python\Python314\Lib\site-packages\sqlalchemy\orm\query.py:2857: in _iter
    result: Union[ScalarResult[_T], Result[_T]] = self.session.execute(
..\..\..\AppData\Local\Programs\Python\Python314\Lib\site-packages\sqlalchemy\orm\session.py:2351: in execute
    return self._execute_internal(
..\..\..\AppData\Local\Programs\Python\Python314\Lib\site-packages\sqlalchemy\orm\session.py:2239: in _execute_internal
    conn = self._connection_for_bind(bind)
           ^^^^^^^^^^^^^^^^^^^^^^^^^^^^^^^
..\..\..\AppData\Local\Programs\Python\Python314\Lib\site-packages\sqlalchemy\orm\session.py:2108: in _connection_for_bind
    return trans._connection_for_bind(engine, execution_options)
           ^^^^^^^^^^^^^^^^^^^^^^^^^^^^^^^^^^^^^^^^^^^^^^^^^^^^^
<string>:2: in _connection_for_bind
    ???
..\..\..\AppData\Local\Programs\Python\Python314\Lib\site-packages\sqlalchemy\orm\state_changes.py:101: in _go
    self._raise_for_prerequisite_state(fn.__name__, current_state)
_ _ _ _ _ _ _ _ _ _ _ _ _ _ _ _ _ _ _ _ _ _ _ _ _ _ _ _ _ _ _ _ _ _ _ _ _ _ _ _

self = <sqlalchemy.orm.session.SessionTransaction object at 0x0000023449FF3750>
operation_name = '_connection_for_bind'
state = <SessionTransactionState.DEACTIVE: 4>

    def _raise_for_prerequisite_state(
        self, operation_name: str, state: _StateChangeState
    ) -> NoReturn:
        if state is SessionTransactionState.DEACTIVE:
            if self._rollback_exception:
>               raise sa_exc.PendingRollbackError(
                    "This Session's transaction has been rolled back "
                    "due to a previous exception during flush."
                    " To begin a new transaction with this Session, "
                    "first issue Session.rollback()."
                    f" Original exception was: {self._rollback_exception}",
                    code="7s2a",
                )
E               sqlalchemy.exc.PendingRollbackError: This Session's transaction has been rolled back due to a previous exception during flush. To begin a new transaction with this Session, first issue Session.rollback(). Original exception was: (builtins.TypeError) Object of type float32 is not JSON serializable
E               [SQL: INSERT INTO applicant_records (created_at, no_of_dependents, education, self_employed, income_annum, loan_amount, loan_term, cibil_score, residential_assets_value, commercial_assets_value, luxury_assets_value, bank_asset_value, debt_to_income, loan_to_assets, total_asset_coverage, risk_probability, automated_decision, explainability_json) VALUES (?, ?, ?, ?, ?, ?, ?, ?, ?, ?, ?, ?, ?, ?, ?, ?, ?, ?)]
E               [parameters: [{'self_employed': 'No', 'luxury_assets_value': 0.0, 'loan_amount': 2000000.0, 'bank_asset_value': 100000.0, 'commercial_assets_value': 500000.0, 'loan ... (460 characters truncated) ... ates heavy financial burden.'], 'positive_indicators': [], 'automated_decision_recommendation': 'Favorable'}, 'loan_term': 120, 'no_of_dependents': 2}]] (Background on this error at: https://sqlalche.me/e/20/7s2a)

..\..\..\AppData\Local\Programs\Python\Python314\Lib\site-packages\sqlalchemy\orm\session.py:971: PendingRollbackError
============================== warnings summary ===============================
api\schemas.py:24
  C:\Users\dhruv\OneDrive\Documents\Loan_Approval_System\api\schemas.py:24: PydanticDeprecatedSince20: Support for class-based `config` is deprecated, use ConfigDict instead. Deprecated in Pydantic V2.0 to be removed in V3.0. See Pydantic V2 Migration Guide at https://errors.pydantic.dev/2.12/migration/
    class ApplicantResponse(BaseModel):

tests/test_api.py::test_predict_endpoint
  C:\Users\dhruv\AppData\Local\Programs\Python\Python314\Lib\site-packages\sqlalchemy\sql\schema.py:3624: DeprecationWarning: datetime.datetime.utcnow() is deprecated and scheduled for removal in a future version. Use timezone-aware objects to represent datetimes in UTC: datetime.datetime.now(datetime.UTC).
    return util.wrap_callable(lambda ctx: fn(), fn)  # type: ignore

-- Docs: https://docs.pytest.org/en/stable/how-to/capture-warnings.html
=========================== short test summary info ===========================
FAILED tests/test_api.py::test_predict_endpoint - sqlalchemy.exc.StatementErr...
FAILED tests/test_api.py::test_get_predictions_endpoint - sqlalchemy.exc.Pend...
=================== 2 failed, 3 passed, 2 warnings in 1.54s ===================
